// Jest Snapshot v1, https://goo.gl/fbAQLP

exports[`Package rendering it renders against shallow snapshot 1`] = `
<Fragment>
  <TokensFlexItem
    component="span"
    grow={false}
  >
    <DraggableBadge
      contextId="[context-123]"
      eventId="[event-123]"
      field="system.audit.package.name"
      iconType="document"
      timelineId="timeline-1"
      value="package-name-123"
    />
  </TokensFlexItem>
  <TokensFlexItem
    component="span"
    grow={false}
  >
    <DraggableBadge
      contextId="[context-123]"
      eventId="[event-123]"
      field="system.audit.package.version"
      iconType="document"
      timelineId="timeline-1"
      value="package-version-123"
    />
  </TokensFlexItem>
  <TokensFlexItem
    component="span"
    grow={false}
  >
    <DraggableBadge
      contextId="[context-123]"
      eventId="[event-123]"
      field="system.audit.package.summary"
      timelineId="timeline-1"
      value="package-summary-123"
    />
  </TokensFlexItem>
</Fragment>
`;
